// Jest Snapshot v1, https://goo.gl/fbAQLP

exports[`should render AddMoviePage correctly 1`] = `
<div>
  <div
    className="sub-header"
  >
    <div
      className="page-margin"
    >
      <h1
        className="sub-header__title"
      >
        Add Movie
      </h1>
    </div>
  </div>
  <div
    className="page-margin"
  >
    <MovieForm
      onSubmit={[Function]}
    />
  </div>
</div>
`;
